// Jest Snapshot v1, https://goo.gl/fbAQLP

exports[`If library does not renders the provided React element when the condition is false 1`] = `""`;

exports[`If library renders the provided React element when the condition is true 1`] = `
<div>
  React element
</div>
`;
