// Jest Snapshot v1, https://goo.gl/fbAQLP

exports[`Bottom bar component renders correctly 1`] = `
<div
  className="container-fluid bg-dark text-light mt-5"
>
  <div
    className="row py-2"
  >
    <div
      className="col-12 d-flex flex-column flex-md-row justify-content-center text-center text-nowrap"
    >
      <div>
        <span
          className="mx-3"
        >
          Jorge Antón Caballero
        </span>
        <a
          className="text-reset text-decoration-none mx-3"
          href="mailto:jorgeac89@gmail.com"
        >
          <i
            className="fas fa-envelope"
          />
            jorgeac89@gmail.com
        </a>
      </div>
      <div
        className="mt-2 mt-md-0"
      >
        <a
          className="text-reset text-decoration-none mx-3"
          href="https://github.com/jorgeac89/"
        >
          <i
            className="fab fa-github"
          />
            Github
        </a>
        <a
          className="text-reset text-decoration-none mx-3"
          href="https://www.linkedin.com/in/jorge-anton-caballero"
        >
          <i
            className="fab fa-linkedin-in"
          />
            Linkedin
        </a>
      </div>
    </div>
  </div>
</div>
`;
